2026-09-10 15:47:18.668: [INFO] CurrentProfilePath: C:\Users\alber\Documents\1- DAM\Programacion\WorkSpace\.metadata\.plugins\org.eclipse.swt\EBWebView\Default
2026-09-10 15:47:18.668: [INFO] Profiles total count: 1
2026-09-10 15:47:18.668: [INFO] Profile: name=Perfil 1 path=C:\Users\alber\Documents\1- DAM\Programacion\WorkSpace\.metadata\.plugins\org.eclipse.swt\EBWebView\Default lastActive=null
2026-09-10 15:47:18.668: [INFO] LastUsedProfileDir: C:\Users\alber\Documents\1- DAM\Programacion\WorkSpace\.metadata\.plugins\org.eclipse.swt\EBWebView\Default
2026-09-10 15:47:18.668: [INFO] OnDoneLoading sync enabled: 0
2026-09-10 15:47:18.668: [INFO] BookmarkModelLoaded, ids_reassigned: 0
2026-09-10 15:47:18.668: [INFO] BookmarksLoadDropped droppedNodes=0
2026-09-10 15:47:18.668: [INFO] BookmarksSnapshot Startup total=0 bar=0 other=0 mobile=0 showBar=0 showBarNTP=1
2026-09-10 15:47:28.321: [INFO] BookmarksSnapshot Shutdown total=0 bar=0 other=0 mobile=0 showBar=0 showBarNTP=1
2026-09-10 15:47:28.920: [INFO] CurrentProfilePath: C:\Users\alber\Documents\1- DAM\Programacion\WorkSpace\.metadata\.plugins\org.eclipse.swt\EBWebView\Default
2026-09-10 15:47:28.920: [INFO] Profiles total count: 1
2026-09-10 15:47:28.920: [INFO] Profile: name=Perfil 1 path=C:\Users\alber\Documents\1- DAM\Programacion\WorkSpace\.metadata\.plugins\org.eclipse.swt\EBWebView\Default lastActive=2026-09-10T15:47:19.747Z
2026-09-10 15:47:28.920: [INFO] LastUsedProfileDir: C:\Users\alber\Documents\1- DAM\Programacion\WorkSpace\.metadata\.plugins\org.eclipse.swt\EBWebView\Default
2026-09-10 15:47:28.920: [INFO] MostRecentlyActiveProfile: name=Perfil 1 path=C:\Users\alber\Documents\1- DAM\Programacion\WorkSpace\.metadata\.plugins\org.eclipse.swt\EBWebView\Default lastActive=2026-09-10T15:47:19.747Z
2026-09-10 15:47:28.920: [INFO] OnDoneLoading sync enabled: 0
2026-09-10 15:47:28.920: [INFO] BookmarkModelLoaded, ids_reassigned: 0
2026-09-10 15:47:28.920: [INFO] BookmarksLoadDropped droppedNodes=0
2026-09-10 15:47:28.920: [INFO] BookmarksSnapshot Startup total=0 bar=0 other=0 mobile=0 showBar=0 showBarNTP=1
2026-09-10 15:47:45.312: [INFO] BookmarksSnapshot Shutdown total=0 bar=0 other=0 mobile=0 showBar=0 showBarNTP=1
2026-09-10 16:37:34.578: [INFO] CurrentProfilePath: C:\Users\alber\Documents\1- DAM\Programacion\WorkSpace\.metadata\.plugins\org.eclipse.swt\EBWebView\Default
2026-09-10 16:37:34.578: [INFO] Profiles total count: 1
2026-09-10 16:37:34.579: [INFO] Profile: name=Perfil 1 path=C:\Users\alber\Documents\1- DAM\Programacion\WorkSpace\.metadata\.plugins\org.eclipse.swt\EBWebView\Default lastActive=2026-09-10T15:47:42.201Z
2026-09-10 16:37:34.579: [INFO] LastUsedProfileDir: C:\Users\alber\Documents\1- DAM\Programacion\WorkSpace\.metadata\.plugins\org.eclipse.swt\EBWebView\Default
2026-09-10 16:37:34.579: [INFO] MostRecentlyActiveProfile: name=Perfil 1 path=C:\Users\alber\Documents\1- DAM\Programacion\WorkSpace\.metadata\.plugins\org.eclipse.swt\EBWebView\Default lastActive=2026-09-10T15:47:42.201Z
2026-09-10 16:37:34.579: [INFO] OnDoneLoading sync enabled: 0
2026-09-10 16:37:34.579: [INFO] BookmarkModelLoaded, ids_reassigned: 0
2026-09-10 16:37:34.579: [INFO] BookmarksLoadDropped droppedNodes=0
2026-09-10 16:37:34.579: [INFO] BookmarksSnapshot Startup total=0 bar=0 other=0 mobile=0 showBar=0 showBarNTP=1
2026-09-10 16:37:39.008: [INFO] BookmarksSnapshot Shutdown total=0 bar=0 other=0 mobile=0 showBar=0 showBarNTP=1
2026-09-10 16:54:36.465: [INFO] CurrentProfilePath: C:\Users\alber\Documents\1- DAM\Programacion\WorkSpace\.metadata\.plugins\org.eclipse.swt\EBWebView\Default
2026-09-10 16:54:36.465: [INFO] Profiles total count: 1
2026-09-10 16:54:36.465: [INFO] Profile: name=Perfil 1 path=C:\Users\alber\Documents\1- DAM\Programacion\WorkSpace\.metadata\.plugins\org.eclipse.swt\EBWebView\Default lastActive=2026-09-10T15:47:42.201Z
2026-09-10 16:54:36.465: [INFO] LastUsedProfileDir: C:\Users\alber\Documents\1- DAM\Programacion\WorkSpace\.metadata\.plugins\org.eclipse.swt\EBWebView\Default
2026-09-10 16:54:36.465: [INFO] MostRecentlyActiveProfile: name=Perfil 1 path=C:\Users\alber\Documents\1- DAM\Programacion\WorkSpace\.metadata\.plugins\org.eclipse.swt\EBWebView\Default lastActive=2026-09-10T15:47:42.201Z
2026-09-10 16:54:36.465: [INFO] OnDoneLoading sync enabled: 0
2026-09-10 16:54:36.465: [INFO] BookmarkModelLoaded, ids_reassigned: 0
2026-09-10 16:54:36.465: [INFO] BookmarksLoadDropped droppedNodes=0
2026-09-10 16:54:36.465: [INFO] BookmarksSnapshot Startup total=0 bar=0 other=0 mobile=0 showBar=0 showBarNTP=1
2026-09-10 16:55:48.534: [INFO] BookmarksSnapshot Shutdown total=0 bar=0 other=0 mobile=0 showBar=0 showBarNTP=1
2026-09-10 16:55:55.647: [INFO] CurrentProfilePath: C:\Users\alber\Documents\1- DAM\Programacion\WorkSpace\.metadata\.plugins\org.eclipse.swt\EBWebView\Default
2026-09-10 16:55:55.647: [INFO] Profiles total count: 1
2026-09-10 16:55:55.647: [INFO] Profile: name=Perfil 1 path=C:\Users\alber\Documents\1- DAM\Programacion\WorkSpace\.metadata\.plugins\org.eclipse.swt\EBWebView\Default lastActive=2026-09-10T15:47:42.201Z
2026-09-10 16:55:55.647: [INFO] LastUsedProfileDir: C:\Users\alber\Documents\1- DAM\Programacion\WorkSpace\.metadata\.plugins\org.eclipse.swt\EBWebView\Default
2026-09-10 16:55:55.647: [INFO] MostRecentlyActiveProfile: name=Perfil 1 path=C:\Users\alber\Documents\1- DAM\Programacion\WorkSpace\.metadata\.plugins\org.eclipse.swt\EBWebView\Default lastActive=2026-09-10T15:47:42.201Z
2026-09-10 16:55:55.647: [INFO] OnDoneLoading sync enabled: 0
2026-09-10 16:55:55.647: [INFO] BookmarkModelLoaded, ids_reassigned: 0
2026-09-10 16:55:55.647: [INFO] BookmarksLoadDropped droppedNodes=0
2026-09-10 16:55:55.647: [INFO] BookmarksSnapshot Startup total=0 bar=0 other=0 mobile=0 showBar=0 showBarNTP=1
2026-09-10 16:56:21.684: [INFO] BookmarksSnapshot Shutdown total=0 bar=0 other=0 mobile=0 showBar=0 showBarNTP=1
2026-09-10 16:57:55.500: [INFO] CurrentProfilePath: C:\Users\alber\Documents\1- DAM\Programacion\WorkSpace\.metadata\.plugins\org.eclipse.swt\EBWebView\Default
2026-09-10 16:57:55.500: [INFO] Profiles total count: 1
2026-09-10 16:57:55.500: [INFO] Profile: name=Perfil 1 path=C:\Users\alber\Documents\1- DAM\Programacion\WorkSpace\.metadata\.plugins\org.eclipse.swt\EBWebView\Default lastActive=2026-09-10T15:47:42.201Z
2026-09-10 16:57:55.500: [INFO] LastUsedProfileDir: C:\Users\alber\Documents\1- DAM\Programacion\WorkSpace\.metadata\.plugins\org.eclipse.swt\EBWebView\Default
2026-09-10 16:57:55.500: [INFO] MostRecentlyActiveProfile: name=Perfil 1 path=C:\Users\alber\Documents\1- DAM\Programacion\WorkSpace\.metadata\.plugins\org.eclipse.swt\EBWebView\Default lastActive=2026-09-10T15:47:42.201Z
2026-09-10 16:57:55.500: [INFO] OnDoneLoading sync enabled: 0
2026-09-10 16:57:55.500: [INFO] BookmarkModelLoaded, ids_reassigned: 0
2026-09-10 16:57:55.500: [INFO] BookmarksLoadDropped droppedNodes=0
2026-09-10 16:57:55.500: [INFO] BookmarksSnapshot Startup total=0 bar=0 other=0 mobile=0 showBar=0 showBarNTP=1
2026-09-10 16:58:12.565: [INFO] BookmarksSnapshot Shutdown total=0 bar=0 other=0 mobile=0 showBar=0 showBarNTP=1
2026-09-10 16:58:56.344: [INFO] CurrentProfilePath: C:\Users\alber\Documents\1- DAM\Programacion\WorkSpace\.metadata\.plugins\org.eclipse.swt\EBWebView\Default
2026-09-10 16:58:56.344: [INFO] Profiles total count: 1
2026-09-10 16:58:56.344: [INFO] Profile: name=Perfil 1 path=C:\Users\alber\Documents\1- DAM\Programacion\WorkSpace\.metadata\.plugins\org.eclipse.swt\EBWebView\Default lastActive=2026-09-10T15:47:42.201Z
2026-09-10 16:58:56.344: [INFO] LastUsedProfileDir: C:\Users\alber\Documents\1- DAM\Programacion\WorkSpace\.metadata\.plugins\org.eclipse.swt\EBWebView\Default
2026-09-10 16:58:56.344: [INFO] MostRecentlyActiveProfile: name=Perfil 1 path=C:\Users\alber\Documents\1- DAM\Programacion\WorkSpace\.metadata\.plugins\org.eclipse.swt\EBWebView\Default lastActive=2026-09-10T15:47:42.201Z
2026-09-10 16:58:56.344: [INFO] OnDoneLoading sync enabled: 0
2026-09-10 16:58:56.344: [INFO] BookmarkModelLoaded, ids_reassigned: 0
2026-09-10 16:58:56.344: [INFO] BookmarksLoadDropped droppedNodes=0
2026-09-10 16:58:56.344: [INFO] BookmarksSnapshot Startup total=0 bar=0 other=0 mobile=0 showBar=0 showBarNTP=1
2026-09-10 16:59:11.098: [INFO] BookmarksSnapshot Shutdown total=0 bar=0 other=0 mobile=0 showBar=0 showBarNTP=1
2026-09-10 17:20:52.558: [INFO] CurrentProfilePath: C:\Users\alber\Documents\1- DAM\Programacion\WorkSpace\.metadata\.plugins\org.eclipse.swt\EBWebView\Default
2026-09-10 17:20:52.558: [INFO] Profiles total count: 1
2026-09-10 17:20:52.559: [INFO] Profile: name=Perfil 1 path=C:\Users\alber\Documents\1- DAM\Programacion\WorkSpace\.metadata\.plugins\org.eclipse.swt\EBWebView\Default lastActive=2026-09-10T16:59:07.119Z
2026-09-10 17:20:52.559: [INFO] LastUsedProfileDir: C:\Users\alber\Documents\1- DAM\Programacion\WorkSpace\.metadata\.plugins\org.eclipse.swt\EBWebView\Default
2026-09-10 17:20:52.559: [INFO] MostRecentlyActiveProfile: name=Perfil 1 path=C:\Users\alber\Documents\1- DAM\Programacion\WorkSpace\.metadata\.plugins\org.eclipse.swt\EBWebView\Default lastActive=2026-09-10T16:59:07.119Z
2026-09-10 17:20:52.559: [INFO] OnDoneLoading sync enabled: 0
2026-09-10 17:20:52.559: [INFO] BookmarkModelLoaded, ids_reassigned: 0
2026-09-10 17:20:52.559: [INFO] BookmarksLoadDropped droppedNodes=0
2026-09-10 17:20:52.559: [INFO] BookmarksSnapshot Startup total=0 bar=0 other=0 mobile=0 showBar=0 showBarNTP=1
2026-09-10 17:20:59.092: [INFO] BookmarksSnapshot Shutdown total=0 bar=0 other=0 mobile=0 showBar=0 showBarNTP=1
2026-09-11 13:19:58.653: [INFO] CurrentProfilePath: C:\Users\alber\Documents\1- DAM\Programacion\WorkSpace\.metadata\.plugins\org.eclipse.swt\EBWebView\Default
2026-09-11 13:19:58.653: [INFO] Profiles total count: 1
2026-09-11 13:19:58.653: [INFO] Profile: name=Perfil 1 path=C:\Users\alber\Documents\1- DAM\Programacion\WorkSpace\.metadata\.plugins\org.eclipse.swt\EBWebView\Default lastActive=2026-09-10T16:59:07.119Z
2026-09-11 13:19:58.653: [INFO] LastUsedProfileDir: C:\Users\alber\Documents\1- DAM\Programacion\WorkSpace\.metadata\.plugins\org.eclipse.swt\EBWebView\Default
2026-09-11 13:19:58.653: [INFO] MostRecentlyActiveProfile: name=Perfil 1 path=C:\Users\alber\Documents\1- DAM\Programacion\WorkSpace\.metadata\.plugins\org.eclipse.swt\EBWebView\Default lastActive=2026-09-10T16:59:07.119Z
2026-09-11 13:19:58.653: [INFO] OnDoneLoading sync enabled: 0
2026-09-11 13:19:58.653: [INFO] BookmarkModelLoaded, ids_reassigned: 0
2026-09-11 13:19:58.653: [INFO] BookmarksLoadDropped droppedNodes=0
2026-09-11 13:19:58.653: [INFO] BookmarksSnapshot Startup total=0 bar=0 other=0 mobile=0 showBar=0 showBarNTP=1
2026-09-11 13:31:32.767: [INFO] BookmarksSnapshot Shutdown total=0 bar=0 other=0 mobile=0 showBar=0 showBarNTP=1
2026-09-11 15:16:41.253: [INFO] CurrentProfilePath: C:\Users\alber\Documents\1- DAM\Programacion\WorkSpace\.metadata\.plugins\org.eclipse.swt\EBWebView\Default
2026-09-11 15:16:41.253: [INFO] Profiles total count: 1
2026-09-11 15:16:41.253: [INFO] Profile: name=Perfil 1 path=C:\Users\alber\Documents\1- DAM\Programacion\WorkSpace\.metadata\.plugins\org.eclipse.swt\EBWebView\Default lastActive=2026-09-11T13:20:04.873Z
2026-09-11 15:16:41.253: [INFO] LastUsedProfileDir: C:\Users\alber\Documents\1- DAM\Programacion\WorkSpace\.metadata\.plugins\org.eclipse.swt\EBWebView\Default
2026-09-11 15:16:41.253: [INFO] MostRecentlyActiveProfile: name=Perfil 1 path=C:\Users\alber\Documents\1- DAM\Programacion\WorkSpace\.metadata\.plugins\org.eclipse.swt\EBWebView\Default lastActive=2026-09-11T13:20:04.873Z
2026-09-11 15:16:41.253: [INFO] OnDoneLoading sync enabled: 0
2026-09-11 15:16:41.253: [INFO] BookmarkModelLoaded, ids_reassigned: 0
2026-09-11 15:16:41.253: [INFO] BookmarksLoadDropped droppedNodes=0
2026-09-11 15:16:41.253: [INFO] BookmarksSnapshot Startup total=0 bar=0 other=0 mobile=0 showBar=0 showBarNTP=1
2026-09-11 15:16:45.289: [INFO] BookmarksSnapshot Shutdown total=0 bar=0 other=0 mobile=0 showBar=0 showBarNTP=1
2026-09-11 15:20:11.098: [INFO] CurrentProfilePath: C:\Users\alber\Documents\1- DAM\Programacion\WorkSpace\.metadata\.plugins\org.eclipse.swt\EBWebView\Default
2026-09-11 15:20:11.098: [INFO] Profiles total count: 1
2026-09-11 15:20:11.098: [INFO] Profile: name=Perfil 1 path=C:\Users\alber\Documents\1- DAM\Programacion\WorkSpace\.metadata\.plugins\org.eclipse.swt\EBWebView\Default lastActive=2026-09-11T13:20:04.873Z
2026-09-11 15:20:11.098: [INFO] LastUsedProfileDir: C:\Users\alber\Documents\1- DAM\Programacion\WorkSpace\.metadata\.plugins\org.eclipse.swt\EBWebView\Default
2026-09-11 15:20:11.098: [INFO] MostRecentlyActiveProfile: name=Perfil 1 path=C:\Users\alber\Documents\1- DAM\Programacion\WorkSpace\.metadata\.plugins\org.eclipse.swt\EBWebView\Default lastActive=2026-09-11T13:20:04.873Z
2026-09-11 15:20:11.098: [INFO] OnDoneLoading sync enabled: 0
2026-09-11 15:20:11.098: [INFO] BookmarkModelLoaded, ids_reassigned: 0
2026-09-11 15:20:11.098: [INFO] BookmarksLoadDropped droppedNodes=0
2026-09-11 15:20:11.098: [INFO] BookmarksSnapshot Startup total=0 bar=0 other=0 mobile=0 showBar=0 showBarNTP=1
2026-09-11 15:21:57.760: [INFO] BookmarksSnapshot Shutdown total=0 bar=0 other=0 mobile=0 showBar=0 showBarNTP=1
